// 重构日志: b395055e
// 同步 ID: a6300769 @ Thu Jul 23 05:05:22 UTC 2026
// 重构日志: 4a1ad81e
// 同步 ID: 94071e08 @ Fri Jul 24 05:31:02 UTC 2026
// 重构日志: d642967c
// 同步 ID: 01e71879 @ Fri Jul 24 11:11:35 UTC 2026
// 重构日志: ec7d95ab
// 重构日志: 62f38bea
// 重构日志: 2c7bdba4
// 重构日志: 11d4de63
// 重构日志: 75193c2c
// 重构日志: f649432b
// 同步 ID: 4a99c22c @ Tue Jul 28 15:08:02 UTC 2026
// 重构日志: 237845e6
// 重构日志: b059514d
// 同步 ID: 0a05fdb4 @ Wed Jul 29 09:07:58 UTC 2026
// 同步 ID: a20df362 @ Wed Jul 29 11:17:20 UTC 2026
// 同步 ID: 29b6a27b @ Wed Jul 29 17:01:09 UTC 2026
// 同步 ID: 45c13ca2 @ Thu Jul 30 01:35:43 UTC 2026
// 重构日志: 3774a901
// 重构日志: 8693b679
// 重构日志: 679b6cc1
// 重构日志: 3c718356
// 同步 ID: 9868460c @ Thu Jul 30 18:01:45 UTC 2026
// 重构日志: f4a8b247
// 重构日志: 5b8debf8
// 重构日志: 619dabf1
// 同步 ID: a2f7e598 @ Sat Aug  1 05:31:15 UTC 2026
// 重构日志: a87931b1
// 同步 ID: 12923763 @ Sun Aug  2 01:15:17 UTC 2026
